--------------------------------------------------------------------------------
Release 10.1.03 Trace  (lin64)
Copyright (c) 1995-2008 Xilinx, Inc.  All rights reserved.

/afs/csail.mit.edu/proj/redsocs/Xilinx10.1/ISE/bin/lin64/unwrapped/trce -ise
/afs/athena.mit.edu/user/a/n/andreser/6.111/project/6111phone2/6111phone/ise/6111phone2.ise
-intstyle ise -v 3 -s 4 -xml labkit labkit.ncd -o labkit.twr labkit.pcf -ucf
/afs/athena.mit.edu/user/a/n/andreser/6.111/project/6111phone2/labkit.ucf

Design file:              labkit.ncd
Physical constraint file: labkit.pcf
Device,package,speed:     xc2v6000,bf957,-4 (PRODUCTION 1.121 2008-07-25, STEPPING level 0)
Report level:             verbose report

Environment Variable      Effect 
--------------------      ------ 
NONE                      No environment variables were set
--------------------------------------------------------------------------------

INFO:Timing:2698 - No timing constraints found, doing default enumeration.
INFO:Timing:2752 - To get complete path coverage, use the unconstrained paths 
   option. All paths that are not constrained will be reported in the 
   unconstrained paths section(s) of the report.
INFO:Timing:3339 - The clock-to-out numbers in this timing report are based on 
   a 50 Ohm transmission line loading model.  For the details of this model, 
   and for more information on accounting for different loading conditions, 
   please see the device datasheet.



Data Sheet report:
-----------------
All values displayed in nanoseconds (ns)

Setup/Hold to clock ac97_bit_clock
-------------+------------+------------+--------------------+--------+
             |  Setup to  |  Hold to   |                    | Clock  |
Source       | clk (edge) | clk (edge) |Internal Clock(s)   | Phase  |
-------------+------------+------------+--------------------+--------+
ac97_sdata_in|   -1.930(F)|    2.202(F)|ac97_bit_clock_BUFGP|   0.000|
-------------+------------+------------+--------------------+--------+

Setup/Hold to clock clock_27mhz
------------+------------+------------+--------------------+--------+
            |  Setup to  |  Hold to   |                    | Clock  |
Source      | clk (edge) | clk (edge) |Internal Clock(s)   | Phase  |
------------+------------+------------+--------------------+--------+
button_down |    1.374(R)|    0.080(R)|analyzer1_clock_OBUF|   0.000|
button_up   |    4.636(R)|   -1.215(R)|analyzer1_clock_OBUF|   0.000|
switch<0>   |    2.408(R)|   -0.710(R)|analyzer1_clock_OBUF|   0.000|
switch<1>   |    3.639(R)|   -0.951(R)|analyzer1_clock_OBUF|   0.000|
user4<0>    |   -0.892(R)|    1.164(R)|analyzer1_clock_OBUF|   0.000|
user4<1>    |    1.398(R)|    0.602(R)|analyzer1_clock_OBUF|   0.000|
------------+------------+------------+--------------------+--------+

Clock ac97_bit_clock to Pad
--------------+------------+--------------------+--------+
              | clk (edge) |                    | Clock  |
Destination   |   to PAD   |Internal Clock(s)   | Phase  |
--------------+------------+--------------------+--------+
ac97_sdata_out|   13.172(R)|ac97_bit_clock_BUFGP|   0.000|
ac97_synch    |   13.440(R)|ac97_bit_clock_BUFGP|   0.000|
--------------+------------+--------------------+--------+

Clock clock_27mhz to Pad
------------------+------------+--------------------+--------+
                  | clk (edge) |                    | Clock  |
Destination       |   to PAD   |Internal Clock(s)   | Phase  |
------------------+------------+--------------------+--------+
analyzer1_data<0> |   11.090(R)|analyzer1_clock_OBUF|   0.000|
analyzer1_data<1> |   11.416(R)|analyzer1_clock_OBUF|   0.000|
analyzer1_data<2> |   11.368(R)|analyzer1_clock_OBUF|   0.000|
analyzer1_data<3> |   11.388(R)|analyzer1_clock_OBUF|   0.000|
analyzer1_data<4> |   11.080(R)|analyzer1_clock_OBUF|   0.000|
analyzer1_data<5> |   11.370(R)|analyzer1_clock_OBUF|   0.000|
analyzer1_data<6> |   11.731(R)|analyzer1_clock_OBUF|   0.000|
analyzer1_data<7> |   11.447(R)|analyzer1_clock_OBUF|   0.000|
analyzer1_data<8> |   11.770(R)|analyzer1_clock_OBUF|   0.000|
analyzer1_data<9> |   11.777(R)|analyzer1_clock_OBUF|   0.000|
analyzer1_data<10>|   11.522(R)|analyzer1_clock_OBUF|   0.000|
analyzer1_data<11>|   11.905(R)|analyzer1_clock_OBUF|   0.000|
analyzer1_data<12>|   11.804(R)|analyzer1_clock_OBUF|   0.000|
analyzer1_data<13>|   12.191(R)|analyzer1_clock_OBUF|   0.000|
analyzer1_data<14>|   13.875(R)|analyzer1_clock_OBUF|   0.000|
analyzer1_data<15>|   13.320(R)|analyzer1_clock_OBUF|   0.000|
analyzer3_clock   |   17.168(R)|analyzer1_clock_OBUF|   0.000|
analyzer3_data<0> |   11.398(R)|analyzer1_clock_OBUF|   0.000|
analyzer3_data<1> |   12.034(R)|analyzer1_clock_OBUF|   0.000|
analyzer3_data<2> |   13.340(R)|analyzer1_clock_OBUF|   0.000|
analyzer3_data<3> |   12.933(R)|analyzer1_clock_OBUF|   0.000|
analyzer3_data<4> |   14.780(R)|analyzer1_clock_OBUF|   0.000|
analyzer3_data<5> |   15.420(R)|analyzer1_clock_OBUF|   0.000|
analyzer3_data<6> |   13.315(R)|analyzer1_clock_OBUF|   0.000|
analyzer3_data<7> |   14.690(R)|analyzer1_clock_OBUF|   0.000|
analyzer3_data<8> |   13.174(R)|analyzer1_clock_OBUF|   0.000|
analyzer3_data<9> |   13.467(R)|analyzer1_clock_OBUF|   0.000|
analyzer3_data<10>|   13.872(R)|analyzer1_clock_OBUF|   0.000|
analyzer3_data<11>|   12.930(R)|analyzer1_clock_OBUF|   0.000|
analyzer3_data<12>|   13.558(R)|analyzer1_clock_OBUF|   0.000|
analyzer3_data<13>|   14.821(R)|analyzer1_clock_OBUF|   0.000|
analyzer3_data<14>|   14.447(R)|analyzer1_clock_OBUF|   0.000|
analyzer3_data<15>|   13.659(R)|analyzer1_clock_OBUF|   0.000|
audio_reset_b     |    9.956(R)|analyzer1_clock_OBUF|   0.000|
disp_clock        |    8.573(R)|analyzer1_clock_OBUF|   0.000|
led<0>            |   12.434(R)|analyzer1_clock_OBUF|   0.000|
led<1>            |   12.009(R)|analyzer1_clock_OBUF|   0.000|
led<2>            |   11.142(R)|analyzer1_clock_OBUF|   0.000|
led<3>            |   11.827(R)|analyzer1_clock_OBUF|   0.000|
led<4>            |   11.069(R)|analyzer1_clock_OBUF|   0.000|
user1<0>          |   23.915(R)|analyzer1_clock_OBUF|   0.000|
user1<1>          |   15.226(R)|analyzer1_clock_OBUF|   0.000|
------------------+------------+--------------------+--------+

Clock to Setup on destination clock ac97_bit_clock
---------------+---------+---------+---------+---------+
               | Src:Rise| Src:Fall| Src:Rise| Src:Fall|
Source Clock   |Dest:Rise|Dest:Rise|Dest:Fall|Dest:Fall|
---------------+---------+---------+---------+---------+
ac97_bit_clock |    8.451|         |    4.479|    3.283|
clock_27mhz    |    3.430|         |         |         |
---------------+---------+---------+---------+---------+

Clock to Setup on destination clock clock_27mhz
---------------+---------+---------+---------+---------+
               | Src:Rise| Src:Fall| Src:Rise| Src:Fall|
Source Clock   |Dest:Rise|Dest:Rise|Dest:Fall|Dest:Fall|
---------------+---------+---------+---------+---------+
ac97_bit_clock |    3.224|    8.001|         |         |
clock_27mhz    |    9.722|         |         |         |
---------------+---------+---------+---------+---------+

Pad to Pad
---------------+---------------+---------+
Source Pad     |Destination Pad|  Delay  |
---------------+---------------+---------+
clock_27mhz    |analyzer1_clock|   11.385|
---------------+---------------+---------+


Analysis completed Sat Dec  6 15:01:25 2014 
--------------------------------------------------------------------------------

Trace Settings:
-------------------------
Trace Settings 

Peak Memory Usage: 375 MB



